   Compiling strategy_game v0.1.0 (C:\Users\hirom\Desktop\strategy_game\strategy_game)
    Finished `release` profile [optimized] target(s) in 21.21s
     Running `target\release\profile_1000_states.exe p21_001_after`
[P20-008] output_dir = verification_logs/p20-008\p21_001_after
[P20-008] running scale=100 scenario=normal ...
[P20-008] scale=100 scenario=normal done: mean=0.1034ms median=0.0990ms p95=0.1703ms max=0.2419ms ticks/s=9671.0
[P20-008] running scale=100 scenario=high_load ...
[P20-008] scale=100 scenario=high_load done: mean=0.1017ms median=0.0966ms p95=0.1264ms max=0.2378ms ticks/s=9829.8
[P20-008] running scale=500 scenario=normal ...
[P20-008] scale=500 scenario=normal done: mean=0.0940ms median=0.0810ms p95=0.1481ms max=0.3906ms ticks/s=10633.2
[P20-008] running scale=500 scenario=high_load ...
[P20-008] scale=500 scenario=high_load done: mean=0.2240ms median=0.2016ms p95=0.3277ms max=0.4799ms ticks/s=4463.5
[P20-008] running scale=1000 scenario=normal ...
[P20-008] scale=1000 scenario=normal done: mean=0.1283ms median=0.1020ms p95=0.3465ms max=0.4830ms ticks/s=7797.2
[P20-008] running scale=1000 scenario=high_load ...
[P20-008] scale=1000 scenario=high_load done: mean=0.4772ms median=0.4484ms p95=0.6297ms max=0.7875ms ticks/s=2095.6
[P20-008] running scale=2000 scenario=normal ...
[P20-008] scale=2000 scenario=normal done: mean=0.2214ms median=0.1708ms p95=0.4652ms max=1.0991ms ticks/s=4516.1
[P20-008] running scale=2000 scenario=high_load ...
[P20-008] scale=2000 scenario=high_load done: mean=1.1244ms median=1.0350ms p95=1.5575ms max=1.8409ms ticks/s=889.4
[P20-008] All scales/scenarios completed successfully.
[P20-008] Evidence written to verification_logs/p20-008\p21_001_after
