    Finished `release` profile [optimized] target(s) in 0.57s
     Running `target\release\profile_1000_states.exe small_scale_regression_recheck_run1`
[P20-008] output_dir = verification_logs/p20-008\small_scale_regression_recheck_run1
[P20-008] running scale=100 scenario=normal ...
[P20-008] scale=100 scenario=normal done: mean=0.0775ms median=0.0708ms p95=0.1016ms max=0.1987ms ticks/s=12907.4
[P20-008] running scale=100 scenario=high_load ...
[P20-008] scale=100 scenario=high_load done: mean=0.1161ms median=0.1130ms p95=0.1474ms max=0.2058ms ticks/s=8616.1
[P20-008] running scale=500 scenario=normal ...
[P20-008] scale=500 scenario=normal done: mean=0.0983ms median=0.0858ms p95=0.1458ms max=0.2921ms ticks/s=10173.3
[P20-008] running scale=500 scenario=high_load ...
[P20-008] scale=500 scenario=high_load done: mean=0.2443ms median=0.2324ms p95=0.3674ms max=0.4957ms ticks/s=4093.0
[P20-008] running scale=1000 scenario=normal ...
[P20-008] scale=1000 scenario=normal done: mean=0.1420ms median=0.1251ms p95=0.2313ms max=0.5122ms ticks/s=7043.5
[P20-008] running scale=1000 scenario=high_load ...
[P20-008] scale=1000 scenario=high_load done: mean=0.7392ms median=0.6473ms p95=1.1848ms max=2.8551ms ticks/s=1352.7
[P20-008] running scale=2000 scenario=normal ...
[P20-008] scale=2000 scenario=normal done: mean=0.2542ms median=0.2107ms p95=0.5005ms max=1.0373ms ticks/s=3934.5
[P20-008] running scale=2000 scenario=high_load ...
[P20-008] scale=2000 scenario=high_load done: mean=1.1311ms median=1.0929ms p95=1.3134ms max=1.8339ms ticks/s=884.1
[P20-008] All scales/scenarios completed successfully.
[P20-008] Evidence written to verification_logs/p20-008\small_scale_regression_recheck_run1
