    Finished `release` profile [optimized] target(s) in 0.46s
     Running `target\release\profile_1000_states.exe small_scale_regression_recheck_run2`
[P20-008] output_dir = verification_logs/p20-008\small_scale_regression_recheck_run2
[P20-008] running scale=100 scenario=normal ...
[P20-008] scale=100 scenario=normal done: mean=0.0846ms median=0.0761ms p95=0.1266ms max=0.1875ms ticks/s=11820.1
[P20-008] running scale=100 scenario=high_load ...
[P20-008] scale=100 scenario=high_load done: mean=0.5679ms median=0.2960ms p95=2.4666ms max=4.6339ms ticks/s=1760.8
[P20-008] running scale=500 scenario=normal ...
[P20-008] scale=500 scenario=normal done: mean=0.3406ms median=0.2616ms p95=0.6849ms max=1.9601ms ticks/s=2936.2
[P20-008] running scale=500 scenario=high_load ...
[P20-008] scale=500 scenario=high_load done: mean=0.5279ms median=0.4751ms p95=0.8140ms max=1.0029ms ticks/s=1894.3
[P20-008] running scale=1000 scenario=normal ...
[P20-008] scale=1000 scenario=normal done: mean=0.3893ms median=0.3431ms p95=0.5691ms max=1.0627ms ticks/s=2568.4
[P20-008] running scale=1000 scenario=high_load ...
[P20-008] scale=1000 scenario=high_load done: mean=1.0858ms median=1.0100ms p95=1.4379ms max=3.0201ms ticks/s=921.0
[P20-008] running scale=2000 scenario=normal ...
[P20-008] scale=2000 scenario=normal done: mean=0.5400ms median=0.4439ms p95=1.0203ms max=1.9463ms ticks/s=1852.0
[P20-008] running scale=2000 scenario=high_load ...
[P20-008] scale=2000 scenario=high_load done: mean=2.3917ms median=2.2775ms p95=3.0316ms max=4.3064ms ticks/s=418.1
[P20-008] All scales/scenarios completed successfully.
[P20-008] Evidence written to verification_logs/p20-008\small_scale_regression_recheck_run2
