    Finished `release` profile [optimized] target(s) in 0.44s
     Running `target\release\profile_1000_states.exe small_scale_regression_recheck_run3`
[P20-008] output_dir = verification_logs/p20-008\small_scale_regression_recheck_run3
[P20-008] running scale=100 scenario=normal ...
[P20-008] scale=100 scenario=normal done: mean=0.0941ms median=0.0810ms p95=0.1875ms max=0.2188ms ticks/s=10632.5
[P20-008] running scale=100 scenario=high_load ...
[P20-008] scale=100 scenario=high_load done: mean=0.2945ms median=0.2929ms p95=0.3723ms max=0.4034ms ticks/s=3395.8
[P20-008] running scale=500 scenario=normal ...
[P20-008] scale=500 scenario=normal done: mean=0.2654ms median=0.2476ms p95=0.3862ms max=0.5656ms ticks/s=3767.5
[P20-008] running scale=500 scenario=high_load ...
[P20-008] scale=500 scenario=high_load done: mean=0.5240ms median=0.4615ms p95=0.9097ms max=1.1443ms ticks/s=1908.5
[P20-008] running scale=1000 scenario=normal ...
[P20-008] scale=1000 scenario=normal done: mean=0.3358ms median=0.2739ms p95=0.5292ms max=1.3986ms ticks/s=2978.3
[P20-008] running scale=1000 scenario=high_load ...
[P20-008] scale=1000 scenario=high_load done: mean=0.9267ms median=0.8754ms p95=1.2133ms max=1.7179ms ticks/s=1079.1
[P20-008] running scale=2000 scenario=normal ...
[P20-008] scale=2000 scenario=normal done: mean=0.5826ms median=0.4733ms p95=1.0955ms max=2.3309ms ticks/s=1716.5
[P20-008] running scale=2000 scenario=high_load ...
[P20-008] scale=2000 scenario=high_load done: mean=2.4876ms median=2.3552ms p95=3.6959ms max=4.5506ms ticks/s=402.0
[P20-008] All scales/scenarios completed successfully.
[P20-008] Evidence written to verification_logs/p20-008\small_scale_regression_recheck_run3
