    Finished `release` profile [optimized] target(s) in 0.48s
     Running `target\release\profile_1000_states.exe small_scale_regression_recheck_run4`
[P20-008] output_dir = verification_logs/p20-008\small_scale_regression_recheck_run4
[P20-008] running scale=100 scenario=normal ...
[P20-008] scale=100 scenario=normal done: mean=0.0916ms median=0.0781ms p95=0.1496ms max=0.2287ms ticks/s=10916.2
[P20-008] running scale=100 scenario=high_load ...
[P20-008] scale=100 scenario=high_load done: mean=0.2929ms median=0.2751ms p95=0.4510ms max=0.5467ms ticks/s=3413.8
[P20-008] running scale=500 scenario=normal ...
[P20-008] scale=500 scenario=normal done: mean=0.2439ms median=0.2211ms p95=0.3794ms max=0.5504ms ticks/s=4100.3
[P20-008] running scale=500 scenario=high_load ...
[P20-008] scale=500 scenario=high_load done: mean=0.5389ms median=0.5002ms p95=0.6850ms max=1.0404ms ticks/s=1855.7
[P20-008] running scale=1000 scenario=normal ...
[P20-008] scale=1000 scenario=normal done: mean=0.3218ms median=0.2824ms p95=0.5270ms max=1.0314ms ticks/s=3107.2
[P20-008] running scale=1000 scenario=high_load ...
[P20-008] scale=1000 scenario=high_load done: mean=1.1436ms median=1.0545ms p95=1.5035ms max=1.7957ms ticks/s=874.4
[P20-008] running scale=2000 scenario=normal ...
[P20-008] scale=2000 scenario=normal done: mean=0.6044ms median=0.5191ms p95=1.0711ms max=2.1174ms ticks/s=1654.5
[P20-008] running scale=2000 scenario=high_load ...
[P20-008] scale=2000 scenario=high_load done: mean=2.3923ms median=2.2897ms p95=3.0368ms max=4.4931ms ticks/s=418.0
[P20-008] All scales/scenarios completed successfully.
[P20-008] Evidence written to verification_logs/p20-008\small_scale_regression_recheck_run4
