    Finished `release` profile [optimized] target(s) in 0.47s
     Running `target\release\profile_1000_states.exe small_scale_regression_recheck_run5`
[P20-008] output_dir = verification_logs/p20-008\small_scale_regression_recheck_run5
[P20-008] running scale=100 scenario=normal ...
[P20-008] scale=100 scenario=normal done: mean=0.0955ms median=0.0792ms p95=0.1511ms max=0.3225ms ticks/s=10471.2
[P20-008] running scale=100 scenario=high_load ...
[P20-008] scale=100 scenario=high_load done: mean=0.2571ms median=0.2434ms p95=0.3451ms max=0.4212ms ticks/s=3889.0
[P20-008] running scale=500 scenario=normal ...
[P20-008] scale=500 scenario=normal done: mean=0.2451ms median=0.2163ms p95=0.3544ms max=0.6129ms ticks/s=4080.0
[P20-008] running scale=500 scenario=high_load ...
[P20-008] scale=500 scenario=high_load done: mean=0.5112ms median=0.4913ms p95=0.7361ms max=0.8845ms ticks/s=1956.4
[P20-008] running scale=1000 scenario=normal ...
[P20-008] scale=1000 scenario=normal done: mean=0.3377ms median=0.2677ms p95=0.7293ms max=1.2450ms ticks/s=2961.5
[P20-008] running scale=1000 scenario=high_load ...
[P20-008] scale=1000 scenario=high_load done: mean=1.0334ms median=0.9599ms p95=1.3552ms max=1.7596ms ticks/s=967.7
[P20-008] running scale=2000 scenario=normal ...
[P20-008] scale=2000 scenario=normal done: mean=0.5188ms median=0.4192ms p95=1.0311ms max=2.2791ms ticks/s=1927.4
[P20-008] running scale=2000 scenario=high_load ...
[P20-008] scale=2000 scenario=high_load done: mean=2.3536ms median=2.1835ms p95=3.3935ms max=4.0177ms ticks/s=424.9
[P20-008] All scales/scenarios completed successfully.
[P20-008] Evidence written to verification_logs/p20-008\small_scale_regression_recheck_run5
