   Compiling strategy_game v0.1.0 (C:\Users\hirom\Desktop\strategy_game\strategy_game)
    Finished `release` profile [optimized] target(s) in 49.76s
     Running `target\release\profile_1000_states.exe regression_check_pre_fix_run1`
[P20-008] output_dir = verification_logs/p20-008\regression_check_pre_fix_run1
[P20-008] running scale=100 scenario=normal ...
[P20-008] scale=100 scenario=normal done: mean=0.3036ms median=0.3003ms p95=0.3746ms max=0.4404ms ticks/s=3293.6
[P20-008] running scale=100 scenario=high_load ...
[P20-008] scale=100 scenario=high_load done: mean=0.3497ms median=0.3394ms p95=0.4144ms max=0.6258ms ticks/s=2859.4
[P20-008] running scale=500 scenario=normal ...
[P20-008] scale=500 scenario=normal done: mean=0.3901ms median=0.3649ms p95=0.5217ms max=0.7104ms ticks/s=2563.3
[P20-008] running scale=500 scenario=high_load ...
[P20-008] scale=500 scenario=high_load done: mean=0.6092ms median=0.5757ms p95=0.8208ms max=1.0629ms ticks/s=1641.6
[P20-008] running scale=1000 scenario=normal ...
[P20-008] scale=1000 scenario=normal done: mean=0.4224ms median=0.4123ms p95=0.6258ms max=1.0327ms ticks/s=2367.2
[P20-008] running scale=1000 scenario=high_load ...
[P20-008] scale=1000 scenario=high_load done: mean=1.1104ms median=1.0421ms p95=1.3979ms max=1.8863ms ticks/s=900.5
[P20-008] running scale=2000 scenario=normal ...
[P20-008] scale=2000 scenario=normal done: mean=0.8592ms median=0.7627ms p95=1.4479ms max=2.6828ms ticks/s=1163.8
[P20-008] running scale=2000 scenario=high_load ...
[P20-008] scale=2000 scenario=high_load done: mean=2.9491ms median=2.7280ms p95=4.3821ms max=6.9013ms ticks/s=339.1
[P20-008] All scales/scenarios completed successfully.
[P20-008] Evidence written to verification_logs/p20-008\regression_check_pre_fix_run1
