    Finished `release` profile [optimized] target(s) in 0.60s
     Running `target\release\profile_1000_states.exe regression_check_pre_fix_run2`
[P20-008] output_dir = verification_logs/p20-008\regression_check_pre_fix_run2
[P20-008] running scale=100 scenario=normal ...
[P20-008] scale=100 scenario=normal done: mean=0.1385ms median=0.1237ms p95=0.2474ms max=0.3263ms ticks/s=7222.0
[P20-008] running scale=100 scenario=high_load ...
[P20-008] scale=100 scenario=high_load done: mean=0.3379ms median=0.3337ms p95=0.4178ms max=0.6475ms ticks/s=2959.5
[P20-008] running scale=500 scenario=normal ...
[P20-008] scale=500 scenario=normal done: mean=0.3304ms median=0.2923ms p95=0.5231ms max=0.8050ms ticks/s=3026.3
[P20-008] running scale=500 scenario=high_load ...
[P20-008] scale=500 scenario=high_load done: mean=0.5525ms median=0.5344ms p95=0.8269ms max=0.9170ms ticks/s=1809.9
[P20-008] running scale=1000 scenario=normal ...
[P20-008] scale=1000 scenario=normal done: mean=0.4676ms median=0.4006ms p95=0.7796ms max=1.3602ms ticks/s=2138.8
[P20-008] running scale=1000 scenario=high_load ...
[P20-008] scale=1000 scenario=high_load done: mean=1.1314ms median=1.0705ms p95=1.4315ms max=1.8139ms ticks/s=883.8
[P20-008] running scale=2000 scenario=normal ...
[P20-008] scale=2000 scenario=normal done: mean=0.7845ms median=0.6965ms p95=1.2513ms max=2.1782ms ticks/s=1274.8
[P20-008] running scale=2000 scenario=high_load ...
[P20-008] scale=2000 scenario=high_load done: mean=2.6650ms median=2.5502ms p95=3.6571ms max=4.4594ms ticks/s=375.2
[P20-008] All scales/scenarios completed successfully.
[P20-008] Evidence written to verification_logs/p20-008\regression_check_pre_fix_run2
