    Finished `release` profile [optimized] target(s) in 0.51s
     Running `target\release\profile_1000_states.exe regression_check_pre_fix_run3`
[P20-008] output_dir = verification_logs/p20-008\regression_check_pre_fix_run3
[P20-008] running scale=100 scenario=normal ...
[P20-008] scale=100 scenario=normal done: mean=0.1418ms median=0.1377ms p95=0.2153ms max=0.3124ms ticks/s=7051.4
[P20-008] running scale=100 scenario=high_load ...
[P20-008] scale=100 scenario=high_load done: mean=0.2751ms median=0.2558ms p95=0.4127ms max=0.4693ms ticks/s=3634.6
[P20-008] running scale=500 scenario=normal ...
[P20-008] scale=500 scenario=normal done: mean=0.2944ms median=0.2759ms p95=0.4199ms max=0.6405ms ticks/s=3396.5
[P20-008] running scale=500 scenario=high_load ...
[P20-008] scale=500 scenario=high_load done: mean=0.5333ms median=0.4926ms p95=0.6843ms max=0.8859ms ticks/s=1875.1
[P20-008] running scale=1000 scenario=normal ...
[P20-008] scale=1000 scenario=normal done: mean=0.4409ms median=0.4044ms p95=0.6154ms max=1.3379ms ticks/s=2268.0
[P20-008] running scale=1000 scenario=high_load ...
[P20-008] scale=1000 scenario=high_load done: mean=1.0953ms median=1.0234ms p95=1.3186ms max=1.9643ms ticks/s=913.0
[P20-008] running scale=2000 scenario=normal ...
[P20-008] scale=2000 scenario=normal done: mean=0.7711ms median=0.6637ms p95=1.2444ms max=2.2116ms ticks/s=1296.9
[P20-008] running scale=2000 scenario=high_load ...
[P20-008] scale=2000 scenario=high_load done: mean=2.5476ms median=2.4365ms p95=3.5007ms max=3.9640ms ticks/s=392.5
[P20-008] All scales/scenarios completed successfully.
[P20-008] Evidence written to verification_logs/p20-008\regression_check_pre_fix_run3
