    Finished `release` profile [optimized] target(s) in 0.45s
     Running `target\release\profile_1000_states.exe regression_check_pre_fix_run4`
[P20-008] output_dir = verification_logs/p20-008\regression_check_pre_fix_run4
[P20-008] running scale=100 scenario=normal ...
[P20-008] scale=100 scenario=normal done: mean=0.0733ms median=0.0694ms p95=0.1021ms max=0.1293ms ticks/s=13646.9
[P20-008] running scale=100 scenario=high_load ...
[P20-008] scale=100 scenario=high_load done: mean=0.2773ms median=0.2531ms p95=0.4144ms max=0.5560ms ticks/s=3606.5
[P20-008] running scale=500 scenario=normal ...
[P20-008] scale=500 scenario=normal done: mean=0.2778ms median=0.2598ms p95=0.3974ms max=0.6085ms ticks/s=3599.8
[P20-008] running scale=500 scenario=high_load ...
[P20-008] scale=500 scenario=high_load done: mean=0.5258ms median=0.4735ms p95=0.8011ms max=0.8890ms ticks/s=1901.8
[P20-008] running scale=1000 scenario=normal ...
[P20-008] scale=1000 scenario=normal done: mean=0.4047ms median=0.3644ms p95=0.6452ms max=1.0324ms ticks/s=2470.8
[P20-008] running scale=1000 scenario=high_load ...
[P20-008] scale=1000 scenario=high_load done: mean=1.0301ms median=0.9835ms p95=1.3925ms max=1.6699ms ticks/s=970.8
[P20-008] running scale=2000 scenario=normal ...
[P20-008] scale=2000 scenario=normal done: mean=0.7484ms median=0.6600ms p95=1.3069ms max=2.1949ms ticks/s=1336.1
[P20-008] running scale=2000 scenario=high_load ...
[P20-008] scale=2000 scenario=high_load done: mean=2.6687ms median=2.5496ms p95=3.4525ms max=4.3669ms ticks/s=374.7
[P20-008] All scales/scenarios completed successfully.
[P20-008] Evidence written to verification_logs/p20-008\regression_check_pre_fix_run4
