    Finished `release` profile [optimized] target(s) in 0.44s
     Running `target\release\profile_1000_states.exe regression_check_pre_fix_run5`
[P20-008] output_dir = verification_logs/p20-008\regression_check_pre_fix_run5
[P20-008] running scale=100 scenario=normal ...
[P20-008] scale=100 scenario=normal done: mean=0.0809ms median=0.0785ms p95=0.1026ms max=0.1412ms ticks/s=12356.4
[P20-008] running scale=100 scenario=high_load ...
[P20-008] scale=100 scenario=high_load done: mean=0.8763ms median=0.3095ms p95=2.4105ms max=15.7367ms ticks/s=1141.2
[P20-008] running scale=500 scenario=normal ...
[P20-008] scale=500 scenario=normal done: mean=0.4737ms median=0.2912ms p95=1.0062ms max=4.3048ms ticks/s=2110.9
[P20-008] running scale=500 scenario=high_load ...
[P20-008] scale=500 scenario=high_load done: mean=0.5218ms median=0.4973ms p95=0.7005ms max=0.8462ms ticks/s=1916.5
[P20-008] running scale=1000 scenario=normal ...
[P20-008] scale=1000 scenario=normal done: mean=0.4306ms median=0.3836ms p95=0.6302ms max=1.1877ms ticks/s=2322.2
[P20-008] running scale=1000 scenario=high_load ...
[P20-008] scale=1000 scenario=high_load done: mean=1.0636ms median=1.0193ms p95=1.2759ms max=1.7085ms ticks/s=940.2
[P20-008] running scale=2000 scenario=normal ...
[P20-008] scale=2000 scenario=normal done: mean=0.7855ms median=0.6787ms p95=1.3095ms max=2.6879ms ticks/s=1273.1
[P20-008] running scale=2000 scenario=high_load ...
[P20-008] scale=2000 scenario=high_load done: mean=2.6717ms median=2.5420ms p95=3.2698ms max=4.3900ms ticks/s=374.3
[P20-008] All scales/scenarios completed successfully.
[P20-008] Evidence written to verification_logs/p20-008\regression_check_pre_fix_run5
