warning: in the working copy of 'audit_report.md', LF will be replaced by CRLF the next time Git touches it
warning: in the working copy of 'strategy_game/src/country/country_ai.rs', LF will be replaced by CRLF the next time Git touches it
warning: in the working copy of 'strategy_game/src/country/mod.rs', LF will be replaced by CRLF the next time Git touches it
warning: in the working copy of 'strategy_game/src/debug/mod.rs', LF will be replaced by CRLF the next time Git touches it
warning: in the working copy of 'strategy_game/src/diplomacy/data.rs', LF will be replaced by CRLF the next time Git touches it
warning: in the working copy of 'strategy_game/src/diplomacy/update.rs', LF will be replaced by CRLF the next time Git touches it
warning: in the working copy of 'strategy_game/src/economy/mod.rs', LF will be replaced by CRLF the next time Git touches it
warning: in the working copy of 'strategy_game/src/military/data.rs', LF will be replaced by CRLF the next time Git touches it
warning: in the working copy of 'strategy_game/src/politics/mod.rs', LF will be replaced by CRLF the next time Git touches it
warning: in the working copy of 'strategy_game/src/ui/country_selection.rs', LF will be replaced by CRLF the next time Git touches it
warning: in the working copy of 'strategy_game/src/ui/diplomacy_panel.rs', LF will be replaced by CRLF the next time Git touches it
warning: in the working copy of 'strategy_game/src/ui/economy_panel.rs', LF will be replaced by CRLF the next time Git touches it
warning: in the working copy of 'strategy_game/src/ui/military_panel.rs', LF will be replaced by CRLF the next time Git touches it
warning: in the working copy of 'strategy_game/src/ui/mod.rs', LF will be replaced by CRLF the next time Git touches it
warning: in the working copy of 'strategy_game/src/ui/peace_panel.rs', LF will be replaced by CRLF the next time Git touches it
warning: in the working copy of 'strategy_game/src/ui/politics_panel.rs', LF will be replaced by CRLF the next time Git touches it
warning: in the working copy of 'strategy_game/src/ui/research_panel.rs', LF will be replaced by CRLF the next time Git touches it
warning: in the working copy of 'strategy_game/src/ui/state_panel.rs', LF will be replaced by CRLF the next time Git touches it
warning: in the working copy of 'strategy_game/src/ui/top_bar.rs', LF will be replaced by CRLF the next time Git touches it
warning: in the working copy of 'strategy_game/src/war/data.rs', LF will be replaced by CRLF the next time Git touches it
warning: in the working copy of 'strategy_game/src/war/frontline.rs', LF will be replaced by CRLF the next time Git touches it
warning: in the working copy of 'strategy_game/src/war/justification.rs', LF will be replaced by CRLF the next time Git touches it
warning: in the working copy of 'strategy_game/src/war/military_ai.rs', LF will be replaced by CRLF the next time Git touches it
warning: in the working copy of 'strategy_game/src/war/peace.rs', LF will be replaced by CRLF the next time Git touches it
warning: in the working copy of 'strategy_game/src/war/tests.rs', LF will be replaced by CRLF the next time Git touches it
warning: in the working copy of 'walkthrough.md', LF will be replaced by CRLF the next time Git touches it
diff_check_exit:0
