    Finished `test` profile [optimized + debuginfo] target(s) in 0.49s
     Running tests\ui_headless_render_test.rs (target\debug\deps\ui_headless_render_test-165bced55f6b26c4.exe)

running 1 test
[2m2026-08-04T13:48:34.756881Z[0m [32m INFO[0m [2mbevy_render::renderer[0m[2m:[0m AdapterInfo { name: "NVIDIA GeForce RTX 5070 Ti", vendor: 4318, device: 11269, device_type: DiscreteGpu, device_pci_bus_id: "0000:01:00.0", driver: "NVIDIA", driver_info: "610.74", backend: Vulkan, subgroup_min_size: 32, subgroup_max_size: 32, transient_saves_memory: false }
[2m2026-08-04T13:48:34.966958Z[0m [32m INFO[0m [2mbevy_pbr::cluster[0m[2m:[0m GPU clustering is supported on this device.
[2m2026-08-04T13:48:34.968773Z[0m [32m INFO[0m [2mbevy_render::batching::gpu_preprocessing[0m[2m:[0m GPU preprocessing is fully supported on this device.
[P20-007] Adapter: name="NVIDIA GeForce RTX 5070 Ti" backend=Vulkan device_type=DiscreteGpu driver="NVIDIA"
[P20-007] Assets<Font> loaded: count=1
[2m2026-08-04T13:48:34.975093Z[0m [32m INFO[0m [2mstrategy_game::app::loader[0m[2m:[0m [DataLoader] Successfully loaded 8 buildings, 22 technologies, 4 countries, 10 states, 3 diplomatic relations
ICU4X data error: No segmentation model for language: ja
ICU4X data error: No segmentation model for language: ja
ICU4X data error: No segmentation model for language: ja
ICU4X data error: No segmentation model for language: ja
ICU4X data error: No segmentation model for language: ja
ICU4X data error: No segmentation model for language: ja
ICU4X data error: No segmentation model for language: ja
ICU4X data error: No segmentation model for language: ja
ICU4X data error: No segmentation model for language: ja
ICU4X data error: No segmentation model for language: ja
[P20-007] CountrySelectionRoot ComputedNode size = Vec2(640.0, 480.0)
[P20-007] checkpoint=country_selection_default non_bg=64477 unique_colors=703 bbox=Some((32, 35, 535, 356)) bg_ref=[13, 13, 20, 255]
[P20-007] checkpoint=country_selection_default bbox=(32,35)-(535,356)
ICU4X data error: No segmentation model for language: ja
ICU4X data error: No segmentation model for language: ja
ICU4X data error: No segmentation model for language: ja
ICU4X data error: No segmentation model for language: ja
ICU4X data error: No segmentation model for language: ja
ICU4X data error: No segmentation model for language: ja
ICU4X data error: No segmentation model for language: ja
ICU4X data error: No segmentation model for language: ja
[P20-007] checkpoint=country_selection_after_click non_bg=63833 unique_colors=696 bbox=Some((32, 35, 512, 356))
[P20-007] diff(country_selection_default, country_selection_after_click) = 12726 pixels
[2m2026-08-04T13:48:35.178812Z[0m [32m INFO[0m [2mstrategy_game::app::loader[0m[2m:[0m [DEBUG] Spawned 4 initial armies
ICU4X data error: No segmentation model for language: ja
ICU4X data error: No segmentation model for language: ja
ICU4X data error: No segmentation model for language: ja
ICU4X data error: No segmentation model for language: ja
ICU4X data error: No segmentation model for language: ja
ICU4X data error: No segmentation model for language: ja
ICU4X data error: No segmentation model for language: ja
ICU4X data error: No segmentation model for language: ja
ICU4X data error: No segmentation model for language: ja
ICU4X data error: No segmentation model for language: ja
ICU4X data error: No segmentation model for language: ja
ICU4X data error: No segmentation model for language: ja
ICU4X data error: No segmentation model for language: ja
ICU4X data error: No segmentation model for language: ja
ICU4X data error: No segmentation model for language: ja
ICU4X data error: No segmentation model for language: ja
ICU4X data error: No segmentation model for language: ja
ICU4X data error: No segmentation model for language: ja
ICU4X data error: No segmentation model for language: ja
ICU4X data error: No segmentation model for language: ja
ICU4X data error: No segmentation model for language: ja
ICU4X data error: No segmentation model for language: ja
ICU4X data error: No segmentation model for language: ja
ICU4X data error: No segmentation model for language: ja
ICU4X data error: No segmentation model for language: ja
ICU4X data error: No segmentation model for language: ja
ICU4X data error: No segmentation model for language: ja
ICU4X data error: No segmentation model for language: ja
ICU4X data error: No segmentation model for language: ja
ICU4X data error: No segmentation model for language: ja
ICU4X data error: No segmentation model for language: ja
ICU4X data error: No segmentation model for language: ja
ICU4X data error: No segmentation model for language: ja
ICU4X data error: No segmentation model for language: ja
ICU4X data error: No segmentation model for language: ja
ICU4X data error: No segmentation model for language: ja
ICU4X data error: No segmentation model for language: ja
ICU4X data error: No segmentation model for language: ja
ICU4X data error: No segmentation model for language: ja
ICU4X data error: No segmentation model for language: ja
ICU4X data error: No segmentation model for language: ja
ICU4X data error: No segmentation model for language: ja
ICU4X data error: No segmentation model for language: ja
ICU4X data error: No segmentation model for language: ja
ICU4X data error: No segmentation model for language: ja
ICU4X data error: No segmentation model for language: ja
ICU4X data error: No segmentation model for language: ja
ICU4X data error: No segmentation model for language: ja
ICU4X data error: No segmentation model for language: ja
ICU4X data error: No segmentation model for language: ja
ICU4X data error: No segmentation model for language: ja
ICU4X data error: No segmentation model for language: ja
ICU4X data error: No segmentation model for language: ja
ICU4X data error: No segmentation model for language: ja
ICU4X data error: No segmentation model for language: ja
ICU4X data error: No segmentation model for language: ja
ICU4X data error: No segmentation model for language: ja
ICU4X data error: No segmentation model for language: ja
ICU4X data error: No segmentation model for language: ja
ICU4X data error: No segmentation model for language: ja
ICU4X data error: No segmentation model for language: ja
ICU4X data error: No segmentation model for language: ja
ICU4X data error: No segmentation model for language: ja
ICU4X data error: No segmentation model for language: ja
ICU4X data error: No segmentation model for language: ja
ICU4X data error: No segmentation model for language: ja
ICU4X data error: No segmentation model for language: ja
ICU4X data error: No segmentation model for language: ja
ICU4X data error: No segmentation model for language: ja
ICU4X data error: No segmentation model for language: ja
ICU4X data error: No segmentation model for language: ja
ICU4X data error: No segmentation model for language: ja
ICU4X data error: No segmentation model for language: ja
ICU4X data error: No segmentation model for language: ja
ICU4X data error: No segmentation model for language: ja
ICU4X data error: No segmentation model for language: ja
ICU4X data error: No segmentation model for language: ja
ICU4X data error: No segmentation model for language: ja
ICU4X data error: No segmentation model for language: ja
ICU4X data error: No segmentation model for language: ja
[P20-007] TopBarRoot ComputedNode size = Vec2(640.0, 40.0)
[P20-007] checkpoint=playing_topbar non_bg=282666 unique_colors=3256 bbox=Some((0, 0, 639, 479))
[P20-007] diff(country_selection_after_click, playing_topbar) = 307200 pixels
[P20-007] All headless UI render assertions passed.
[P20-007] SUMMARY adapter_name="NVIDIA GeForce RTX 5070 Ti" backend=Vulkan resolution=640x480 format=Rgba8UnormSrgb non_bg(default=64477, after_click=63833, playing=282666) diff(default->after_click=12726, after_click->playing=307200)
test ui_headless_render_produces_real_pixels ... ok

test result: ok. 1 passed; 0 failed; 0 ignored; 0 measured; 0 filtered out; finished in 0.85s

